// Jest Snapshot v1, https://goo.gl/fbAQLP

exports[`test <PasswordStrenghtConstraint/> render <PasswordStrenghtConstraint/> correctly 1`] = `
.c0 {
  color: var(--green-ok);
}

.c0 i {
  vertical-align: middle;
  margin-right: 0.3em;
}

.c0 p {
  display: inline;
}

<li
  aria-hidden="true"
  class="c0"
>
  <i
    class="ri-check-double-fill"
    title="icon"
  />
  <p>
    hello world
  </p>
</li>
`;
